Script started on 2020-02-11 10:52:01+0600
]0;shahidul@shahidul: ~/Documents/nexus-tests/tektoncd-spring-boot[01;32mshahidul@shahidul[00m:[01;34m~/Documents/nexus-tests/tektoncd-spring-boot[00m$  ./src/[K[K[Kcript.sh
bash: ./script.sh: Permission denied
]0;shahidul@shahidul: ~/Documents/nexus-tests/tektoncd-spring-boot[01;32mshahidul@shahidul[00m:[01;34m~/Documents/nexus-tests/tektoncd-spring-boot[00m$ touch script.sh[C[C[C[C[C[C[Ced "s/nexus-public-url/abc/" settings.xml [27Ptouch script.sh[1Pscript.sh[1Pscript.sh[1Pscript.sh[1Pscript.sh[1Pscript.sh[1Pscript.sh[Cscript.shuscript.shdscript.shoscript.sh script.sh.script.sh/script.sh
[sudo] password for shahidul: 
Sorry, try again.
[sudo] password for shahidul: 
sudo: ./script.sh: command not found
]0;shahidul@shahidul: ~/Documents/nexus-tests/tektoncd-spring-boot[01;32mshahidul@shahidul[00m:[01;34m~/Documents/nexus-tests/tektoncd-spring-boot[00m$ sudo ./script.sh[1Pscript.sh[1Pscript.sh
sudo: script.sh: command not found
]0;shahidul@shahidul: ~/Documents/nexus-tests/tektoncd-spring-boot[01;32mshahidul@shahidul[00m:[01;34m~/Documents/nexus-tests/tektoncd-spring-boot[00m$ chmod a+x First.sh[K[K[K[K[K[K[K[Kscript.sh 
]0;shahidul@shahidul: ~/Documents/nexus-tests/tektoncd-spring-boot[01;32mshahidul@shahidul[00m:[01;34m~/Documents/nexus-tests/tektoncd-spring-boot[00m$  ./s
script.sh  src/       
]0;shahidul@shahidul: ~/Documents/nexus-tests/tektoncd-spring-boot[01;32mshahidul@shahidul[00m:[01;34m~/Documents/nexus-tests/tektoncd-spring-boot[00m$  ./s
script.sh  src/       
]0;shahidul@shahidul: ~/Documents/nexus-tests/tektoncd-spring-boot[01;32mshahidul@shahidul[00m:[01;34m~/Documents/nexus-tests/tektoncd-spring-boot[00m$  ./script.sh 
Hello World
]0;shahidul@shahidul: ~/Documents/nexus-tests/tektoncd-spring-boot[01;32mshahidul@shahidul[00m:[01;34m~/Documents/nexus-tests/tektoncd-spring-boot[00m$ ^C
]0;shahidul@shahidul: ~/Documents/nexus-tests/tektoncd-spring-boot[01;32mshahidul@shahidul[00m:[01;34m~/Documents/nexus-tests/tektoncd-spring-boot[00m$ ^C
]0;shahidul@shahidul: ~/Documents/nexus-tests/tektoncd-spring-boot[01;32mshahidul@shahidul[00m:[01;34m~/Documents/nexus-tests/tektoncd-spring-boot[00m$ chmod a+x script.sh 
]0;shahidul@shahidul: ~/Documents/nexus-tests/tektoncd-spring-boot[01;32mshahidul@shahidul[00m:[01;34m~/Documents/nexus-tests/tektoncd-spring-boot[00m$ chmod a+x script.sh [6Psudo script.shchmod a+x script.sh [K[K[K[K[K[K[K[K[K[K[K[K[K[K[K[K[K[K[K[K ./script.sh 
]0;shahidul@shahidul: ~/Documents/nexus-tests/tektoncd-spring-boot[01;32mshahidul@shahidul[00m:[01;34m~/Documents/nexus-tests/tektoncd-spring-boot[00m$ $JAVA_HOME
bash: /usr/lib/jvm/default-java: No such file or directory
]0;shahidul@shahidul: ~/Documents/nexus-tests/tektoncd-spring-boot[01;32mshahidul@shahidul[00m:[01;34m~/Documents/nexus-tests/tektoncd-spring-boot[00m$ $JAVA_HOME[K[K[K[K[K[K[K[K[K[Kenv
CLUTTER_IM_MODULE=xim
LS_COLORS=rs=0:di=01;34:ln=01;36:mh=00:pi=40;33:so=01;35:do=01;35:bd=40;33;01:cd=40;33;01:or=40;31;01:mi=00:su=37;41:sg=30;43:ca=30;41:tw=30;42:ow=34;42:st=37;44:ex=01;32:*.tar=01;31:*.tgz=01;31:*.arc=01;31:*.arj=01;31:*.taz=01;31:*.lha=01;31:*.lz4=01;31:*.lzh=01;31:*.lzma=01;31:*.tlz=01;31:*.txz=01;31:*.tzo=01;31:*.t7z=01;31:*.zip=01;31:*.z=01;31:*.Z=01;31:*.dz=01;31:*.gz=01;31:*.lrz=01;31:*.lz=01;31:*.lzo=01;31:*.xz=01;31:*.zst=01;31:*.tzst=01;31:*.bz2=01;31:*.bz=01;31:*.tbz=01;31:*.tbz2=01;31:*.tz=01;31:*.deb=01;31:*.rpm=01;31:*.jar=01;31:*.war=01;31:*.ear=01;31:*.sar=01;31:*.rar=01;31:*.alz=01;31:*.ace=01;31:*.zoo=01;31:*.cpio=01;31:*.7z=01;31:*.rz=01;31:*.cab=01;31:*.wim=01;31:*.swm=01;31:*.dwm=01;31:*.esd=01;31:*.jpg=01;35:*.jpeg=01;35:*.mjpg=01;35:*.mjpeg=01;35:*.gif=01;35:*.bmp=01;35:*.pbm=01;35:*.pgm=01;35:*.ppm=01;35:*.tga=01;35:*.xbm=01;35:*.xpm=01;35:*.tif=01;35:*.tiff=01;35:*.png=01;35:*.svg=01;35:*.svgz=01;35:*.mng=01;35:*.pcx=01;35:*.mov=01;35:*.mpg=01;35:*.mpeg=01;35:*.m2v=01;35:*.mkv=01;35:*.webm=01;35:*.ogm=01;35:*.mp4=01;35:*.m4v=01;35:*.mp4v=01;35:*.vob=01;35:*.qt=01;35:*.nuv=01;35:*.wmv=01;35:*.asf=01;35:*.rm=01;35:*.rmvb=01;35:*.flc=01;35:*.avi=01;35:*.fli=01;35:*.flv=01;35:*.gl=01;35:*.dl=01;35:*.xcf=01;35:*.xwd=01;35:*.yuv=01;35:*.cgm=01;35:*.emf=01;35:*.ogv=01;35:*.ogx=01;35:*.aac=00;36:*.au=00;36:*.flac=00;36:*.m4a=00;36:*.mid=00;36:*.midi=00;36:*.mka=00;36:*.mp3=00;36:*.mpc=00;36:*.ogg=00;36:*.ra=00;36:*.wav=00;36:*.oga=00;36:*.opus=00;36:*.spx=00;36:*.xspf=00;36:
M2_HOME=/opt/maven
LESSCLOSE=/usr/bin/lesspipe %s %s
XDG_MENU_PREFIX=gnome-
LANG=en_US.UTF-8
MANAGERPID=3634
DISPLAY=:0
INVOCATION_ID=25368ffb502049f08ad25859b4df52c4
GNOME_SHELL_SESSION_MODE=ubuntu
MAVEN_HOME=/opt/maven
COLORTERM=truecolor
USERNAME=shahidul
JAVA_HOME=/usr/lib/jvm/default-java
XDG_VTNR=2
SSH_AUTH_SOCK=/run/user/1000/keyring/ssh
MANDATORY_PATH=/usr/share/gconf/ubuntu.mandatory.path
XDG_SESSION_ID=2
USER=shahidul
DESKTOP_SESSION=ubuntu
QT4_IM_MODULE=xim
GOPATH=/home/shahidul/go
TEXTDOMAINDIR=/usr/share/locale/
GRADLE_HOME=/opt/gradle/gradle-6.1
GNOME_TERMINAL_SCREEN=/org/gnome/Terminal/screen/520f4a36_c9ad_4b2a_8a9c_71c51ebc8e11
DEFAULTS_PATH=/usr/share/gconf/ubuntu.default.path
PWD=/home/shahidul/Documents/nexus-tests/tektoncd-spring-boot
HOME=/home/shahidul
GOROOT=/usr/local/go
JOURNAL_STREAM=9:45504
TEXTDOMAIN=im-config
SSH_AGENT_PID=3768
QT_ACCESSIBILITY=1
LIBVIRT_DEFAULT_URI=qemu:///system
XDG_SESSION_TYPE=x11
XDG_DATA_DIRS=/usr/share/ubuntu:/usr/local/share/:/usr/share/:/var/lib/snapd/desktop
XDG_SESSION_DESKTOP=ubuntu
DBUS_STARTER_ADDRESS=unix:path=/run/user/1000/bus,guid=efbf3a36df2cb0e3b64c13015e4217e7
GTK_MODULES=gail:atk-bridge
WINDOWPATH=2
SHELL=/bin/bash
VTE_VERSION=5202
TERM=xterm-256color
QT_IM_MODULE=ibus
XMODIFIERS=@im=ibus
IM_CONFIG_PHASE=2
DBUS_STARTER_BUS_TYPE=session
XDG_CURRENT_DESKTOP=ubuntu:GNOME
GPG_AGENT_INFO=/run/user/1000/gnupg/S.gpg-agent:0:1
GNOME_TERMINAL_SERVICE=:1.79
XDG_SEAT=seat0
SHLVL=2
GDMSESSION=ubuntu
GNOME_DESKTOP_SESSION_ID=this-is-deprecated
LOGNAME=shahidul
DBUS_SESSION_BUS_ADDRESS=unix:path=/run/user/1000/bus,guid=efbf3a36df2cb0e3b64c13015e4217e7
XDG_RUNTIME_DIR=/run/user/1000
XAUTHORITY=/run/user/1000/gdm/Xauthority
XDG_CONFIG_DIRS=/etc/xdg/xdg-ubuntu:/etc/xdg
PATH=/opt/maven/bin:/opt/gradle/gradle-6.1/bin:/usr/local/sbin:/usr/local/bin:/usr/sbin:/usr/bin:/sbin:/bin:/usr/games:/usr/local/games:/snap/bin:/usr/local/go/bin:/home/shahidul/go/bin
SESSION_MANAGER=local/shahidul:@/tmp/.ICE-unix/3664,unix/shahidul:/tmp/.ICE-unix/3664
LESSOPEN=| /usr/bin/lesspipe %s
GTK_IM_MODULE=ibus
_=/usr/bin/env
]0;shahidul@shahidul: ~/Documents/nexus-tests/tektoncd-spring-boot[01;32mshahidul@shahidul[00m:[01;34m~/Documents/nexus-tests/tektoncd-spring-boot[00m$ env$JAVA_HOMEchmod a+x script.sh 
]0;shahidul@shahidul: ~/Documents/nexus-tests/tektoncd-spring-boot[01;32mshahidul@shahidul[00m:[01;34m~/Documents/nexus-tests/tektoncd-spring-boot[00m$  ./script.sh 
]0;shahidul@shahidul: ~/Documents/nexus-tests/tektoncd-spring-boot[01;32mshahidul@shahidul[00m:[01;34m~/Documents/nexus-tests/tektoncd-spring-boot[00m$ chmod a+x script.sh 
]0;shahidul@shahidul: ~/Documents/nexus-tests/tektoncd-spring-boot[01;32mshahidul@shahidul[00m:[01;34m~/Documents/nexus-tests/tektoncd-spring-boot[00m$  ./script.sh 
]0;shahidul@shahidul: ~/Documents/nexus-tests/tektoncd-spring-boot[01;32mshahidul@shahidul[00m:[01;34m~/Documents/nexus-tests/tektoncd-spring-boot[00m$ chmod a+x script.sh 
]0;shahidul@shahidul: ~/Documents/nexus-tests/tektoncd-spring-boot[01;32mshahidul@shahidul[00m:[01;34m~/Documents/nexus-tests/tektoncd-spring-boot[00m$ chmod a+x script.sh env[K[K[K[K ./script.sh 
]0;shahidul@shahidul: ~/Documents/nexus-tests/tektoncd-spring-boot[01;32mshahidul@shahidul[00m:[01;34m~/Documents/nexus-tests/tektoncd-spring-boot[00m$ chmod a+x script.sh env[Kchmod a+x script.sh [K[K[K[K[K[K[K[K[K[K[K[K[K[K[K[K[K[K[K[K ./script.sh 
]0;shahidul@shahidul: ~/Documents/nexus-tests/tektoncd-spring-boot[01;32mshahidul@shahidul[00m:[01;34m~/Documents/nexus-tests/tektoncd-spring-boot[00m$ git ad [Kd .
]0;shahidul@shahidul: ~/Documents/nexus-tests/tektoncd-spring-boot[01;32mshahidul@shahidul[00m:[01;34m~/Documents/nexus-tests/tektoncd-spring-boot[00m$ c[Kgit commit -m ""U"p"d"a"t"e" "d"o"c"k"e"r"f"i"l"e" "a"n"d" "s"e"t"t"i"n"g"."x"m"l"," "a"d"d" "s"c"r"i"p"t" "t"t"h"a"t" "[1P"[1P"[1P"[1P"[1P"h"a"t" "r"e"p"l"a"c"e" "[1P"s" "p"[1P"n"e"x"u"s" "p"[1P"[1P"-"p"i"[1P"u"b"l"i"c" "u"r"l"s" "a"n"d" "[1P"[1P"[1P"[1P"[1P"," "u"s"s"[1P"e"r"n"a"m"e" "a"n"d" "p"a"s" [A]0;shahidul@shahidul: ~/Documents/nexus-tests/tektoncd-spring-boot[01;32mshahidul@shahidul[00m:[01;34m~/Documents/nexus-tests/tektoncd-spring-boot[00m$ [C[C[C[C[C[C[C[C[C[C[C[C[C[C[C[C[C[C[C[C[C[C[C[C[C[C[C[C[C[C[C[C[C[C[C[C[C[C[C[C[C[C[C[C[C[C[C[C[C[C[C[C[C[C[C[C[C[C[C[C[C[C[C[C[C[C[C[C[C[C[C[C[C[C[C[C[C[C[C[C[C[C[C[C[C[C[C[C[C[C[C[C[C[C[C[C[C[C[C[C[C[C[C[C[C[C[C[C[C[Cs""
[master 7e29d87] Update dockerfile and setting.xml, add script that replaces nexus-public urls, username and pass
 4 files changed, 118 insertions(+), 15 deletions(-)
 create mode 100755 script.sh
 create mode 100644 typescript
]0;shahidul@shahidul: ~/Documents/nexus-tests/tektoncd-spring-boot[01;32mshahidul@shahidul[00m:[01;34m~/Documents/nexus-tests/tektoncd-spring-boot[00m$ git psuh
git: 'psuh' is not a git command. See 'git --help'.

The most similar command is
	push
]0;shahidul@shahidul: ~/Documents/nexus-tests/tektoncd-spring-boot[01;32mshahidul@shahidul[00m:[01;34m~/Documents/nexus-tests/tektoncd-spring-boot[00m$ git psuh[K[K[Kush
Username for 'https://github.com': zeromsi
Password for 'https://zeromsi@github.com': 
Counting objects: 6, done.
Delta compression using up to 8 threads.
Compressing objects:  16% (1/6)   Compressing objects:  33% (2/6)   Compressing objects:  50% (3/6)   Compressing objects:  66% (4/6)   Compressing objects:  83% (5/6)   Compressing objects: 100% (6/6)   Compressing objects: 100% (6/6), done.
Writing objects:  16% (1/6)   Writing objects:  33% (2/6)   Writing objects:  50% (3/6)   Writing objects:  66% (4/6)   Writing objects:  83% (5/6)   Writing objects: 100% (6/6)   Writing objects: 100% (6/6), 2.78 KiB | 2.78 MiB/s, done.
Total 6 (delta 3), reused 0 (delta 0)
remote: Resolving deltas:   0% (0/3)[Kremote: Resolving deltas:  33% (1/3)[Kremote: Resolving deltas:  66% (2/3)[Kremote: Resolving deltas: 100% (3/3)[Kremote: Resolving deltas: 100% (3/3), completed with 3 local objects.[K
To https://github.com/zeromsi/tektoncd-spring-boot.git
   e1a72b0..7e29d87  master -> master
]0;shahidul@shahidul: ~/Documents/nexus-tests/tektoncd-spring-boot[01;32mshahidul@shahidul[00m:[01;34m~/Documents/nexus-tests/tektoncd-spring-boot[00m$ git pushsuhcommit -m "Update dockerfile and setting.xml, add script that replaces nexus-public urls, username and pass""[A]0;shahidul@shahidul: ~/Documents/nexus-tests/tektoncd-spring-boot[01;32mshahidul@shahidul[00m:[01;34m~/Documents/nexus-tests/tektoncd-spring-boot[00m$ [C[C[C[Cadd .[K
[K[A[C[C[C[C[C[C[C[C[C[C[C[C[C[C[C[C[C[C[C[C[C[C[C[C[C[C[C[C[C[C[C[C[C[C[C[C[C[C[C[C[C[C[C[C[C[C[C[C[C[C[C[C[C[C[C[C[C[C[C[C[C[C[C[C[C[C[C[C[C[C[C[C[C
]0;shahidul@shahidul: ~/Documents/nexus-tests/tektoncd-spring-boot[01;32mshahidul@shahidul[00m:[01;34m~/Documents/nexus-tests/tektoncd-spring-boot[00m$ git add .[1Ppushsuhcommit -m "Update dockerfile and setting.xml, add script that replaces nexus-public urls, username and pass""
[master d9f8c35] Update dockerfile and setting.xml, add script that replaces nexus-public urls, username and pass
 1 file changed, 1 insertion(+), 1 deletion(-)
]0;shahidul@shahidul: ~/Documents/nexus-tests/tektoncd-spring-boot[01;32mshahidul@shahidul[00m:[01;34m~/Documents/nexus-tests/tektoncd-spring-boot[00m$ git commit -m "Update dockerfile and setting.xml, add script that replaces nexus-public urls, username and pass""[A]0;shahidul@shahidul: ~/Documents/nexus-tests/tektoncd-spring-boot[01;32mshahidul@shahidul[00m:[01;34m~/Documents/nexus-tests/tektoncd-spring-boot[00m$ [C[C[C[Cadd .[K
[K[A[C[C[C[C[C[C[C[C[C[C[C[C[C[C[C[C[C[C[C[C[C[C[C[C[C[C[C[C[C[C[C[C[C[C[C[C[C[C[C[C[C[C[C[C[C[C[C[C[C[C[C[C[C[C[C[C[C[C[C[C[C[C[C[C[C[C[C[C[C[C[C[C[C[1Ppush
Username for 'https://github.com': zeromsi
Password for 'https://zeromsi@github.com': 
Counting objects: 3, done.
Delta compression using up to 8 threads.
Compressing objects:  33% (1/3)   Compressing objects:  66% (2/3)   Compressing objects: 100% (3/3)   Compressing objects: 100% (3/3), done.
Writing objects:  33% (1/3)   Writing objects:  66% (2/3)   Writing objects: 100% (3/3)   Writing objects: 100% (3/3), 357 bytes | 357.00 KiB/s, done.
Total 3 (delta 2), reused 0 (delta 0)
remote: Resolving deltas:   0% (0/2)[Kremote: Resolving deltas:  50% (1/2)[Kremote: Resolving deltas: 100% (2/2)[Kremote: Resolving deltas: 100% (2/2), completed with 2 local objects.[K
To https://github.com/zeromsi/tektoncd-spring-boot.git
   7e29d87..d9f8c35  master -> master
]0;shahidul@shahidul: ~/Documents/nexus-tests/tektoncd-spring-boot[01;32mshahidul@shahidul[00m:[01;34m~/Documents/nexus-tests/tektoncd-spring-boot[00m$ git pushcommit -m "Update dockerfile and setting.xml, add script that replaces nexus-public urls, username and pass""[A]0;shahidul@shahidul: ~/Documents/nexus-tests/tektoncd-spring-boot[01;32mshahidul@shahidul[00m:[01;34m~/Documents/nexus-tests/tektoncd-spring-boot[00m$ [C[C[C[Cadd .[K
[K[A[C[C[C[C[C[C[C[C[C[C[C[C[C[C[C[C[C[C[C[C[C[C[C[C[C[C[C[C[C[C[C[C[C[C[C[C[C[C[C[C[C[C[C[C[C[C[C[C[C[C[C[C[C[C[C[C[C[C[C[C[C[C[C[C[C[C[C[C[C[C[C[C[C
]0;shahidul@shahidul: ~/Documents/nexus-tests/tektoncd-spring-boot[01;32mshahidul@shahidul[00m:[01;34m~/Documents/nexus-tests/tektoncd-spring-boot[00m$ git add .[1Ppushcommit -m "Update dockerfile and setting.xml, add script that replaces nexus-public urls, username and pass""
[master 50818d7] Update dockerfile and setting.xml, add script that replaces nexus-public urls, username and pass
 2 files changed, 28 insertions(+), 3 deletions(-)
]0;shahidul@shahidul: ~/Documents/nexus-tests/tektoncd-spring-boot[01;32mshahidul@shahidul[00m:[01;34m~/Documents/nexus-tests/tektoncd-spring-boot[00m$ git commit -m "Update dockerfile and setting.xml, add script that replaces nexus-public urls, username and pass""[A]0;shahidul@shahidul: ~/Documents/nexus-tests/tektoncd-spring-boot[01;32mshahidul@shahidul[00m:[01;34m~/Documents/nexus-tests/tektoncd-spring-boot[00m$ [C[C[C[Cadd .[K
[K[A[C[C[C[C[C[C[C[C[C[C[C[C[C[C[C[C[C[C[C[C[C[C[C[C[C[C[C[C[C[C[C[C[C[C[C[C[C[C[C[C[C[C[C[C[C[C[C[C[C[C[C[C[C[C[C[C[C[C[C[C[C[C[C[C[C[C[C[C[C[C[C[C[C[1Ppush
Username for 'https://github.com': zeromsi
Password for 'https://zeromsi@github.com': 
Counting objects: 4, done.
Delta compression using up to 8 threads.
Compressing objects:  25% (1/4)   Compressing objects:  50% (2/4)   Compressing objects:  75% (3/4)   Compressing objects: 100% (4/4)   Compressing objects: 100% (4/4), done.
Writing objects:  25% (1/4)   Writing objects:  50% (2/4)   Writing objects:  75% (3/4)   Writing objects: 100% (4/4)   Writing objects: 100% (4/4), 1.27 KiB | 1.27 MiB/s, done.
Total 4 (delta 3), reused 0 (delta 0)
remote: Resolving deltas:   0% (0/3)[Kremote: Resolving deltas:  33% (1/3)[Kremote: Resolving deltas:  66% (2/3)[Kremote: Resolving deltas: 100% (3/3)[Kremote: Resolving deltas: 100% (3/3), completed with 3 local objects.[K
To https://github.com/zeromsi/tektoncd-spring-boot.git
   d9f8c35..50818d7  master -> master
]0;shahidul@shahidul: ~/Documents/nexus-tests/tektoncd-spring-boot[01;32mshahidul@shahidul[00m:[01;34m~/Documents/nexus-tests/tektoncd-spring-boot[00m$ git pushcommit -m "Update dockerfile and setting.xml, add script that replaces nexus-public urls, username and pass""[A]0;shahidul@shahidul: ~/Documents/nexus-tests/tektoncd-spring-boot[01;32mshahidul@shahidul[00m:[01;34m~/Documents/nexus-tests/tektoncd-spring-boot[00m$ [C[C[C[Cadd .[K
[K[A[C[C[C[C[C[C[C[C[C[C[C[C[C[C[C[C[C[C[C[C[C[C[C[C[C[C[C[C[C[C[C[C[C[C[C[C[C[C[C[C[C[C[C[C[C[C[C[C[C[C[C[C[C[C[C[C[C[C[C[C[C[C[C[C[C[C[C[C[C[C[C[C[C
]0;shahidul@shahidul: ~/Documents/nexus-tests/tektoncd-spring-boot[01;32mshahidul@shahidul[00m:[01;34m~/Documents/nexus-tests/tektoncd-spring-boot[00m$ git add .[1Ppushcommit -m "Update dockerfile and setting.xml, add script that replaces nexus-public urls, username and pass""
[master 504f351] Update dockerfile and setting.xml, add script that replaces nexus-public urls, username and pass
 2 files changed, 29 insertions(+), 1 deletion(-)
]0;shahidul@shahidul: ~/Documents/nexus-tests/tektoncd-spring-boot[01;32mshahidul@shahidul[00m:[01;34m~/Documents/nexus-tests/tektoncd-spring-boot[00m$ git commit -m "Update dockerfile and setting.xml, add script that replaces nexus-public urls, username and pass""[A]0;shahidul@shahidul: ~/Documents/nexus-tests/tektoncd-spring-boot[01;32mshahidul@shahidul[00m:[01;34m~/Documents/nexus-tests/tektoncd-spring-boot[00m$ [C[C[C[Cadd .[K
[K[A[C[C[C[C[C[C[C[C[C[C[C[C[C[C[C[C[C[C[C[C[C[C[C[C[C[C[C[C[C[C[C[C[C[C[C[C[C[C[C[C[C[C[C[C[C[C[C[C[C[C[C[C[C[C[C[C[C[C[C[C[C[C[C[C[C[C[C[C[C[C[C[C[C[1Ppush
Username for 'https://github.com': zeromsi
Password for 'https://zeromsi@github.com': 
Counting objects: 4, done.
Delta compression using up to 8 threads.
Compressing objects:  25% (1/4)   Compressing objects:  50% (2/4)   Compressing objects:  75% (3/4)   Compressing objects: 100% (4/4)   Compressing objects: 100% (4/4), done.
Writing objects:  25% (1/4)   Writing objects:  50% (2/4)   Writing objects:  75% (3/4)   Writing objects: 100% (4/4)   Writing objects: 100% (4/4), 795 bytes | 795.00 KiB/s, done.
Total 4 (delta 3), reused 0 (delta 0)
remote: Resolving deltas:   0% (0/3)[Kremote: Resolving deltas:  33% (1/3)[Kremote: Resolving deltas:  66% (2/3)[Kremote: Resolving deltas: 100% (3/3)[Kremote: Resolving deltas: 100% (3/3), completed with 3 local objects.[K
To https://github.com/zeromsi/tektoncd-spring-boot.git
   50818d7..504f351  master -> master
]0;shahidul@shahidul: ~/Documents/nexus-tests/tektoncd-spring-boot[01;32mshahidul@shahidul[00m:[01;34m~/Documents/nexus-tests/tektoncd-spring-boot[00m$ git pushcommit -m "Update dockerfile and setting.xml, add script that replaces nexus-public urls, username and pass""[A]0;shahidul@shahidul: ~/Documents/nexus-tests/tektoncd-spring-boot[01;32mshahidul@shahidul[00m:[01;34m~/Documents/nexus-tests/tektoncd-spring-boot[00m$ [C[C[C[Cadd .[K
[K[A[C[C[C[C[C[C[C[C[C[C[C[C[C[C[C[C[C[C[C[C[C[C[C[C[C[C[C[C[C[C[C[C[C[C[C[C[C[C[C[C[C[C[C[C[C[C[C[C[C[C[C[C[C[C[C[C[C[C[C[C[C[C[C[C[C[C[C[C[C[C[C[C[C[1Ppushcommit -m "Update dockerfile and setting.xml, add script that replaces nexus-public urls, username and pass""[A]0;shahidul@shahidul: ~/Documents/nexus-tests/tektoncd-spring-boot[01;32mshahidul@shahidul[00m:[01;34m~/Documents/nexus-tests/tektoncd-spring-boot[00m$ [C[C[C[Cadd .[K
[K[A[C[C[C[C[C[C[C[C[C[C[C[C[C[C[C[C[C[C[C[C[C[C[C[C[C[C[C[C[C[C[C[C[C[C[C[C[C[C[C[C[C[C[C[C[C[C[C[C[C[C[C[C[C[C[C[C[C[C[C[C[C[C[C[C[C[C[C[C[C[C[C[C[C[1Ppushcommit -m "Update dockerfile and setting.xml, add script that replaces nexus-public urls, username and pass""[A]0;shahidul@shahidul: ~/Documents/nexus-tests/tektoncd-spring-boot[01;32mshahidul@shahidul[00m:[01;34m~/Documents/nexus-tests/tektoncd-spring-boot[00m$ [C[C[C[Cadd .[K
[K[A[C[C[C[C[C[C[C[C[C[C[C[C[C[C[C[C[C[C[C[C[C[C[C[C[C[C[C[C[C[C[C[C[C[C[C[C[C[C[C[C[C[C[C[C[C[C[C[C[C[C[C[C[C[C[C[C[C[C[C[C[C[C[C[C[C[C[C[C[C[C[C[C[C[1Ppushsuhcommit -m "Update dockerfile and setting.xml, add script that replaces nexus-public urls, username and pass""[A]0;shahidul@shahidul: ~/Documents/nexus-tests/tektoncd-spring-boot[01;32mshahidul@shahidul[00m:[01;34m~/Documents/nexus-tests/tektoncd-spring-boot[00m$ [C[C[C[Cadd .[K
[K[A[C[C[C[C[C[C[C[C[C[C[C[C[C[C[C[C[C[C[C[C[C[C[C[C[C[C[C[C[C[C[C[C[C[C[C[C[C[C[C[C[C[C[C[C[C[C[C[C[C[C[C[C[C[C[C[C[C[C[C[C[C[C[C[C[C[C[C[C[C[C[C[C[Cchmod a+x script.sh env[K$JAVA_HOMEchmod a+x script.sh [6Psudo script.sh./script.sh[1Ptouch script.shed "s/nexus-public-url/abc/" settings.xml [8@sed "s/nexus-public-url/$(cat bar)[C[C[C[C[C[C[C[C[C[C[C[C[C[C[C[C[1P-i 's/\nexus-public-url\/abc/g'[C[C[C[C[C[C[C[C[C[C[C[C[C[C[3@${nexus-public-url}[C[C[C[C[C[C[C[C[C[C[C[C[C[C[C[C[C[C[C[C[C[C[54@http://34.66.205.222.nip.io:32001/repository/maven-public//[C[C[C[C[C[C[C[C[C[C[C[C[C[C[Cabc/g' settings.xml [K[3Pnexus-public-url[C[C[C[C[C[C[C[C[C[C[C[C[C[C[C[C[C[C[C[C[C[C[1@"s/nexus-public-url/$(cat bar)/"[C[C[C[C[C[C[C[C[C[C[C[C[C[C[8Ped "s/nexus-public-url/abc[C[C[C[C[C[C[C[C[C[C[C[C[C[C[C[C[27Ptouch script.shsudo ./script.sh[2Pscript.shchmod a+x script.sh [10P$JAVA_HOMEenv[Kchmod a+x script.sh [11Pgit add .commit -m "Update dockerfile and setting.xml, add script that replaces nexus-public urls, username and pass""[A]0;shahidul@shahidul: ~/Documents/nexus-tests/tektoncd-spring-boot[01;32mshahidul@shahidul[00m:[01;34m~/Documents/nexus-tests/tektoncd-spring-boot[00m$ [C[C[C[Cpsuh[K
[K[A[C[C[C[C[C[C[C[C[C[C[C[C[C[C[C[C[C[C[C[C[C[C[C[C[C[C[C[C[C[C[C[C[C[C[C[C[C[C[C[C[C[C[C[C[C[C[C[C[C[C[C[C[C[C[C[C[C[C[C[C[C[C[C[C[C[C[C[C[C[C[C[Cushadd .commit -m "Update dockerfile and setting.xml, add script that replaces nexus-public urls, username and pass""[A]0;shahidul@shahidul: ~/Documents/nexus-tests/tektoncd-spring-boot[01;32mshahidul@shahidul[00m:[01;34m~/Documents/nexus-tests/tektoncd-spring-boot[00m$ [C[C[C[Cpush[K
[K[A[C[C[C[C[C[C[C[C[C[C[C[C[C[C[C[C[C[C[C[C[C[C[C[C[C[C[C[C[C[C[C[C[C[C[C[C[C[C[C[C[C[C[C[C[C[C[C[C[C[C[C[C[C[C[C[C[C[C[C[C[C[C[C[C[C[C[C[C[C[C[C[Cadd .commit -m "Update dockerfile and setting.xml, add script that replaces nexus-public urls, username and pass""[A]0;shahidul@shahidul: ~/Documents/nexus-tests/tektoncd-spring-boot[01;32mshahidul@shahidul[00m:[01;34m~/Documents/nexus-tests/tektoncd-spring-boot[00m$ [C[C[C[Cpush[K
[K[A[C[C[C[C[C[C[C[C[C[C[C[C[C[C[C[C[C[C[C[C[C[C[C[C[C[C[C[C[C[C[C[C[C[C[C[C[C[C[C[C[C[C[C[C[C[C[C[C[C[C[C[C[C[C[C[C[C[C[C[C[C[C[C[C[C[C[C[C[C[C[C[Cadd .commit -m "Update dockerfile and setting.xml, add script that replaces nexus-public urls, username and pass""[A]0;shahidul@shahidul: ~/Documents/nexus-tests/tektoncd-spring-boot[01;32mshahidul@shahidul[00m:[01;34m~/Documents/nexus-tests/tektoncd-spring-boot[00m$ [C[C[C[Cpush[K
[K[A[C[C[C[C[C[C[C[C[C[C[C[C[C[C[C[C[C[C[C[C[C[C[C[C[C[C[C[C[C[C[C[C[C[C[C[C[C[C[C[C[C[C[C[C[C[C[C[C[C[C[C[C[C[C[C[C[C[C[C[C[C[C[C[C[C[C[C[C[C[C[C[C[Kgit pushcommit -m "Update dockerfile and setting.xml, add script that replaces nexus-public urls, username and pass""[A]0;shahidul@shahidul: ~/Documents/nexus-tests/tektoncd-spring-boot[01;32mshahidul@shahidul[00m:[01;34m~/Documents/nexus-tests/tektoncd-spring-boot[00m$ [C[C[C[Cadd .[K
[K[A[C[C[C[C[C[C[C[C[C[C[C[C[C[C[C[C[C[C[C[C[C[C[C[C[C[C[C[C[C[C[C[C[C[C[C[C[C[C[C[C[C[C[C[C[C[C[C[C[C[C[C[C[C[C[C[C[C[C[C[C[C[C[C[C[C[C[C[C[C[C[C[C[C
]0;shahidul@shahidul: ~/Documents/nexus-tests/tektoncd-spring-boot[01;32mshahidul@shahidul[00m:[01;34m~/Documents/nexus-tests/tektoncd-spring-boot[00m$ git add .[1Ppushcommit -m "Update dockerfile and setting.xml, add script that replaces nexus-public urls, username and pass""[A]0;shahidul@shahidul: ~/Documents/nexus-tests/tektoncd-spring-boot[01;32mshahidul@shahidul[00m:[01;34m~/Documents/nexus-tests/tektoncd-spring-boot[00m$ [C[C[C[Cadd .[K
[K[A[C[C[C[C[C[C[C[C[C[C[C[C[C[C[C[C[C[C[C[C[C[C[C[C[C[C[C[C[C[C[C[C[C[C[C[C[C[C[C[C[C[C[C[C[C[C[C[C[C[C[C[C[C[C[C[C[C[C[C[C[C[C[C[C[C[C[C[C[C[C[C[C[Ccommit -m "Update dockerfile and setting.xml, add script that replaces nexus-public urls, username and pass""
[master ecae1c5] Update dockerfile and setting.xml, add script that replaces nexus-public urls, username and pass
 2 files changed, 31 insertions(+), 3 deletions(-)
]0;shahidul@shahidul: ~/Documents/nexus-tests/tektoncd-spring-boot[01;32mshahidul@shahidul[00m:[01;34m~/Documents/nexus-tests/tektoncd-spring-boot[00m$ git commit -m "Update dockerfile and setting.xml, add script that replaces nexus-public urls, username and pass""[A]0;shahidul@shahidul: ~/Documents/nexus-tests/tektoncd-spring-boot[01;32mshahidul@shahidul[00m:[01;34m~/Documents/nexus-tests/tektoncd-spring-boot[00m$ [C[C[C[Cadd .[K
[K[A[C[C[C[C[C[C[C[C[C[C[C[C[C[C[C[C[C[C[C[C[C[C[C[C[C[C[C[C[C[C[C[C[C[C[C[C[C[C[C[C[C[C[C[C[C[C[C[C[C[C[C[C[C[C[C[C[C[C[C[C[C[C[C[C[C[C[C[C[C[C[C[C[C[1Ppush
Username for 'https://github.com': zeromsi
Password for 'https://zeromsi@github.com': 
Counting objects: 4, done.
Delta compression using up to 8 threads.
Compressing objects:  25% (1/4)   Compressing objects:  50% (2/4)   Compressing objects:  75% (3/4)   Compressing objects: 100% (4/4)   Compressing objects: 100% (4/4), done.
Writing objects:  25% (1/4)   Writing objects:  50% (2/4)   Writing objects:  75% (3/4)   Writing objects: 100% (4/4)   Writing objects: 100% (4/4), 976 bytes | 976.00 KiB/s, done.
Total 4 (delta 3), reused 0 (delta 0)
remote: Resolving deltas:   0% (0/3)[Kremote: Resolving deltas:  33% (1/3)[Kremote: Resolving deltas:  66% (2/3)[Kremote: Resolving deltas: 100% (3/3)[Kremote: Resolving deltas: 100% (3/3), completed with 3 local objects.[K
To https://github.com/zeromsi/tektoncd-spring-boot.git
   504f351..ecae1c5  master -> master
]0;shahidul@shahidul: ~/Documents/nexus-tests/tektoncd-spring-boot[01;32mshahidul@shahidul[00m:[01;34m~/Documents/nexus-tests/tektoncd-spring-boot[00m$ git pushcommit -m "Update dockerfile and setting.xml, add script that replaces nexus-public urls, username and pass""[A]0;shahidul@shahidul: ~/Documents/nexus-tests/tektoncd-spring-boot[01;32mshahidul@shahidul[00m:[01;34m~/Documents/nexus-tests/tektoncd-spring-boot[00m$ [C[C[C[Cadd .[K
[K[A[C[C[C[C[C[C[C[C[C[C[C[C[C[C[C[C[C[C[C[C[C[C[C[C[C[C[C[C[C[C[C[C[C[C[C[C[C[C[C[C[C[C[C[C[C[C[C[C[C[C[C[C[C[C[C[C[C[C[C[C[C[C[C[C[C[C[C[C[C[C[C[C[C
]0;shahidul@shahidul: ~/Documents/nexus-tests/tektoncd-spring-boot[01;32mshahidul@shahidul[00m:[01;34m~/Documents/nexus-tests/tektoncd-spring-boot[00m$ git add .[1Ppushcommit -m "Update dockerfile and setting.xml, add script that replaces nexus-public urls, username and pass""
[master 617cfc6] Update dockerfile and setting.xml, add script that replaces nexus-public urls, username and pass
 2 files changed, 21 insertions(+), 1 deletion(-)
]0;shahidul@shahidul: ~/Documents/nexus-tests/tektoncd-spring-boot[01;32mshahidul@shahidul[00m:[01;34m~/Documents/nexus-tests/tektoncd-spring-boot[00m$ git commit -m "Update dockerfile and setting.xml, add script that replaces nexus-public urls, username and pass""[A]0;shahidul@shahidul: ~/Documents/nexus-tests/tektoncd-spring-boot[01;32mshahidul@shahidul[00m:[01;34m~/Documents/nexus-tests/tektoncd-spring-boot[00m$ [C[C[C[Cadd .[K
[K[A[C[C[C[C[C[C[C[C[C[C[C[C[C[C[C[C[C[C[C[C[C[C[C[C[C[C[C[C[C[C[C[C[C[C[C[C[C[C[C[C[C[C[C[C[C[C[C[C[C[C[C[C[C[C[C[C[C[C[C[C[C[C[C[C[C[C[C[C[C[C[C[C[C[1Ppushcommit -m "Update dockerfile and setting.xml, add script that replaces nexus-public urls, username and pass""[A]0;shahidul@shahidul: ~/Documents/nexus-tests/tektoncd-spring-boot[01;32mshahidul@shahidul[00m:[01;34m~/Documents/nexus-tests/tektoncd-spring-boot[00m$ [C[C[C[Cpush[K
[K[A[C[C[C[C[C[C[C[C[C[C[C[C[C[C[C[C[C[C[C[C[C[C[C[C[C[C[C[C[C[C[C[C[C[C[C[C[C[C[C[C[C[C[C[C[C[C[C[C[C[C[C[C[C[C[C[C[C[C[C[C[C[C[C[C[C[C[C[C[C[C[C[C
Username for 'https://github.com': zeromsi
Password for 'https://zeromsi@github.com': 
Counting objects: 4, done.
Delta compression using up to 8 threads.
Compressing objects:  25% (1/4)   Compressing objects:  50% (2/4)   Compressing objects:  75% (3/4)   Compressing objects: 100% (4/4)   Compressing objects: 100% (4/4), done.
Writing objects:  25% (1/4)   Writing objects:  50% (2/4)   Writing objects:  75% (3/4)   Writing objects: 100% (4/4)   Writing objects: 100% (4/4), 529 bytes | 529.00 KiB/s, done.
Total 4 (delta 3), reused 0 (delta 0)
remote: Resolving deltas:   0% (0/3)[Kremote: Resolving deltas:  33% (1/3)[Kremote: Resolving deltas:  66% (2/3)[Kremote: Resolving deltas: 100% (3/3)[Kremote: Resolving deltas: 100% (3/3), completed with 3 local objects.[K
To https://github.com/zeromsi/tektoncd-spring-boot.git
   ecae1c5..617cfc6  master -> master
]0;shahidul@shahidul: ~/Documents/nexus-tests/tektoncd-spring-boot[01;32mshahidul@shahidul[00m:[01;34m~/Documents/nexus-tests/tektoncd-spring-boot[00m$ git pushcommit -m "Update dockerfile and setting.xml, add script that replaces nexus-public urls, username and pass""[A]0;shahidul@shahidul: ~/Documents/nexus-tests/tektoncd-spring-boot[01;32mshahidul@shahidul[00m:[01;34m~/Documents/nexus-tests/tektoncd-spring-boot[00m$ [C[C[C[Cadd .[K
[K[A[C[C[C[C[C[C[C[C[C[C[C[C[C[C[C[C[C[C[C[C[C[C[C[C[C[C[C[C[C[C[C[C[C[C[C[C[C[C[C[C[C[C[C[C[C[C[C[C[C[C[C[C[C[C[C[C[C[C[C[C[C[C[C[C[C[C[C[C[C[C[C[C[C[1Ppushcommit -m "Update dockerfile and setting.xml, add script that replaces nexus-public urls, username and pass""[A]0;shahidul@shahidul: ~/Documents/nexus-tests/tektoncd-spring-boot[01;32mshahidul@shahidul[00m:[01;34m~/Documents/nexus-tests/tektoncd-spring-boot[00m$ [C[C[C[Cadd .[K
[K[A[C[C[C[C[C[C[C[C[C[C[C[C[C[C[C[C[C[C[C[C[C[C[C[C[C[C[C[C[C[C[C[C[C[C[C[C[C[C[C[C[C[C[C[C[C[C[C[C[C[C[C[C[C[C[C[C[C[C[C[C[C[C[C[C[C[C[C[C[C[C[C[C[C[1Ppushcommit -m "Update dockerfile and setting.xml, add script that replaces nexus-public urls, username and pass""[A]0;shahidul@shahidul: ~/Documents/nexus-tests/tektoncd-spring-boot[01;32mshahidul@shahidul[00m:[01;34m~/Documents/nexus-tests/tektoncd-spring-boot[00m$ [C[C[C[Cadd .[K
[K[A[C[C[C[C[C[C[C[C[C[C[C[C[C[C[C[C[C[C[C[C[C[C[C[C[C[C[C[C[C[C[C[C[C[C[C[C[C[C[C[C[C[C[C[C[C[C[C[C[C[C[C[C[C[C[C[C[C[C[C[C[C[C[C[C[C[C[C[C[C[C[C[C[C[1Ppushcommit -m "Update dockerfile and setting.xml, add script that replaces nexus-public urls, username and pass""[A]0;shahidul@shahidul: ~/Documents/nexus-tests/tektoncd-spring-boot[01;32mshahidul@shahidul[00m:[01;34m~/Documents/nexus-tests/tektoncd-spring-boot[00m$ [C[C[C[Cadd .[K
[K[A[C[C[C[C[C[C[C[C[C[C[C[C[C[C[C[C[C[C[C[C[C[C[C[C[C[C[C[C[C[C[C[C[C[C[C[C[C[C[C[C[C[C[C[C[C[C[C[C[C[C[C[C[C[C[C[C[C[C[C[C[C[C[C[C[C[C[C[C[C[C[C[C[C[1Ppushcommit -m "Update dockerfile and setting.xml, add script that replaces nexus-public urls, username and pass""[A]0;shahidul@shahidul: ~/Documents/nexus-tests/tektoncd-spring-boot[01;32mshahidul@shahidul[00m:[01;34m~/Documents/nexus-tests/tektoncd-spring-boot[00m$ [C[C[C[Cadd .[K
[K[A[C[C[C[C[C[C[C[C[C[C[C[C[C[C[C[C[C[C[C[C[C[C[C[C[C[C[C[C[C[C[C[C[C[C[C[C[C[C[C[C[C[C[C[C[C[C[C[C[C[C[C[C[C[C[C[C[C[C[C[C[C[C[C[C[C[C[C[C[C[C[C[C[C[1Ppushsuhcommit -m "Update dockerfile and setting.xml, add script that replaces nexus-public urls, username and pass""[A]0;shahidul@shahidul: ~/Documents/nexus-tests/tektoncd-spring-boot[01;32mshahidul@shahidul[00m:[01;34m~/Documents/nexus-tests/tektoncd-spring-boot[00m$ [C[C[C[Cadd .[K
[K[A[C[C[C[C[C[C[C[C[C[C[C[C[C[C[C[C[C[C[C[C[C[C[C[C[C[C[C[C[C[C[C[C[C[C[C[C[C[C[C[C[C[C[C[C[C[C[C[C[C[C[C[C[C[C[C[C[C[C[C[C[C[C[C[C[C[C[C[C[C[C[C[C[Cchmod a+x script.sh env[K$JAVA_HOMEchmod a+x script.sh [6Psudo script.sh./script.sh[2Pscript.shchmod a+x script.sh [10P$JAVA_HOMEenv[Kchmod a+x script.sh [11Pgit add .commit -m "Update dockerfile and setting.xml, add script that replaces nexus-public urls, username and pass""[A]0;shahidul@shahidul: ~/Documents/nexus-tests/tektoncd-spring-boot[01;32mshahidul@shahidul[00m:[01;34m~/Documents/nexus-tests/tektoncd-spring-boot[00m$ [C[C[C[Cpsuh[K
[K[A[C[C[C[C[C[C[C[C[C[C[C[C[C[C[C[C[C[C[C[C[C[C[C[C[C[C[C[C[C[C[C[C[C[C[C[C[C[C[C[C[C[C[C[C[C[C[C[C[C[C[C[C[C[C[C[C[C[C[C[C[C[C[C[C[C[C[C[C[C[C[C[Cushadd .commit -m "Update dockerfile and setting.xml, add script that replaces nexus-public urls, username and pass""[A]0;shahidul@shahidul: ~/Documents/nexus-tests/tektoncd-spring-boot[01;32mshahidul@shahidul[00m:[01;34m~/Documents/nexus-tests/tektoncd-spring-boot[00m$ [C[C[C[Cpush[K
[K[A[C[C[C[C[C[C[C[C[C[C[C[C[C[C[C[C[C[C[C[C[C[C[C[C[C[C[C[C[C[C[C[C[C[C[C[C[C[C[C[C[C[C[C[C[C[C[C[C[C[C[C[C[C[C[C[C[C[C[C[C[C[C[C[C[C[C[C[C[C[C[C[Ccommit -m "Update dockerfile and setting.xml, add script that replaces nexus-public urls, username and pass""[A]0;shahidul@shahidul: ~/Documents/nexus-tests/tektoncd-spring-boot[01;32mshahidul@shahidul[00m:[01;34m~/Documents/nexus-tests/tektoncd-spring-boot[00m$ [C[C[C[Cadd .[K
[K[A[C[C[C[C[C[C[C[C[C[C[C[C[C[C[C[C[C[C[C[C[C[C[C[C[C[C[C[C[C[C[C[C[C[C[C[C[C[C[C[C[C[C[C[C[C[C[C[C[C[C[C[C[C[C[C[C[C[C[C[C[C[C[C[C[C[C[C[C[C[C[C[C[C
]0;shahidul@shahidul: ~/Documents/nexus-tests/tektoncd-spring-boot[01;32mshahidul@shahidul[00m:[01;34m~/Documents/nexus-tests/tektoncd-spring-boot[00m$ git add .[1Ppushcommit -m "Update dockerfile and setting.xml, add script that replaces nexus-public urls, username and pass""[A]0;shahidul@shahidul: ~/Documents/nexus-tests/tektoncd-spring-boot[01;32mshahidul@shahidul[00m:[01;34m~/Documents/nexus-tests/tektoncd-spring-boot[00m$ [C[C[C[Cadd .[K
[K[A[C[C[C[C[C[C[C[C[C[C[C[C[C[C[C[C[C[C[C[C[C[C[C[C[C[C[C[C[C[C[C[C[C[C[C[C[C[C[C[C[C[C[C[C[C[C[C[C[C[C[C[C[C[C[C[C[C[C[C[C[C[C[C[C[C[C[C[C[C[C[C[C[Ccommit -m "Update dockerfile and setting.xml, add script that replaces nexus-public urls, username and pass""
[master 74f8f81] Update dockerfile and setting.xml, add script that replaces nexus-public urls, username and pass
 2 files changed, 39 insertions(+), 12 deletions(-)
]0;shahidul@shahidul: ~/Documents/nexus-tests/tektoncd-spring-boot[01;32mshahidul@shahidul[00m:[01;34m~/Documents/nexus-tests/tektoncd-spring-boot[00m$ git commit -m "Update dockerfile and setting.xml, add script that replaces nexus-public urls, username and pass""[A]0;shahidul@shahidul: ~/Documents/nexus-tests/tektoncd-spring-boot[01;32mshahidul@shahidul[00m:[01;34m~/Documents/nexus-tests/tektoncd-spring-boot[00m$ [C[C[C[Cadd .[K
[K[A[C[C[C[C[C[C[C[C[C[C[C[C[C[C[C[C[C[C[C[C[C[C[C[C[C[C[C[C[C[C[C[C[C[C[C[C[C[C[C[C[C[C[C[C[C[C[C[C[C[C[C[C[C[C[C[C[C[C[C[C[C[C[C[C[C[C[C[C[C[C[C[C[C[1Ppush
Username for 'https://github.com': zeromsi
Password for 'https://zeromsi@github.com': 
Counting objects: 4, done.
Delta compression using up to 8 threads.
Compressing objects:  25% (1/4)   Compressing objects:  50% (2/4)   Compressing objects:  75% (3/4)   Compressing objects: 100% (4/4)   Compressing objects: 100% (4/4), done.
Writing objects:  25% (1/4)   Writing objects:  50% (2/4)   Writing objects:  75% (3/4)   Writing objects: 100% (4/4)   Writing objects: 100% (4/4), 640 bytes | 640.00 KiB/s, done.
Total 4 (delta 3), reused 0 (delta 0)
remote: Resolving deltas:   0% (0/3)[Kremote: Resolving deltas:  33% (1/3)[Kremote: Resolving deltas:  66% (2/3)[Kremote: Resolving deltas: 100% (3/3)[Kremote: Resolving deltas: 100% (3/3), completed with 3 local objects.[K
To https://github.com/zeromsi/tektoncd-spring-boot.git
   617cfc6..74f8f81  master -> master
]0;shahidul@shahidul: ~/Documents/nexus-tests/tektoncd-spring-boot[01;32mshahidul@shahidul[00m:[01;34m~/Documents/nexus-tests/tektoncd-spring-boot[00m$ git pushcommit -m "Update dockerfile and setting.xml, add script that replaces nexus-public urls, username and pass""[A]0;shahidul@shahidul: ~/Documents/nexus-tests/tektoncd-spring-boot[01;32mshahidul@shahidul[00m:[01;34m~/Documents/nexus-tests/tektoncd-spring-boot[00m$ [C[C[C[Cadd .[K
[K[A[C[C[C[C[C[C[C[C[C[C[C[C[C[C[C[C[C[C[C[C[C[C[C[C[C[C[C[C[C[C[C[C[C[C[C[C[C[C[C[C[C[C[C[C[C[C[C[C[C[C[C[C[C[C[C[C[C[C[C[C[C[C[C[C[C[C[C[C[C[C[C[C[C
]0;shahidul@shahidul: ~/Documents/nexus-tests/tektoncd-spring-boot[01;32mshahidul@shahidul[00m:[01;34m~/Documents/nexus-tests/tektoncd-spring-boot[00m$ git add .[1Ppushcommit -m "Update dockerfile and setting.xml, add script that replaces nexus-public urls, username and pass""
[master be18129] Update dockerfile and setting.xml, add script that replaces nexus-public urls, username and pass
 1 file changed, 2 insertions(+), 2 deletions(-)
]0;shahidul@shahidul: ~/Documents/nexus-tests/tektoncd-spring-boot[01;32mshahidul@shahidul[00m:[01;34m~/Documents/nexus-tests/tektoncd-spring-boot[00m$ git commit -m "Update dockerfile and setting.xml, add script that replaces nexus-public urls, username and pass""[A]0;shahidul@shahidul: ~/Documents/nexus-tests/tektoncd-spring-boot[01;32mshahidul@shahidul[00m:[01;34m~/Documents/nexus-tests/tektoncd-spring-boot[00m$ [C[C[C[Cadd .[K
[K[A[C[C[C[C[C[C[C[C[C[C[C[C[C[C[C[C[C[C[C[C[C[C[C[C[C[C[C[C[C[C[C[C[C[C[C[C[C[C[C[C[C[C[C[C[C[C[C[C[C[C[C[C[C[C[C[C[C[C[C[C[C[C[C[C[C[C[C[C[C[C[C[C[C[1Ppush
Username for 'https://github.com': zeromsi
Password for 'https://zeromsi@github.com': 
Counting objects: 3, done.
Delta compression using up to 8 threads.
Compressing objects:  33% (1/3)   Compressing objects:  66% (2/3)   Compressing objects: 100% (3/3)   Compressing objects: 100% (3/3), done.
Writing objects:  33% (1/3)   Writing objects:  66% (2/3)   Writing objects: 100% (3/3)   Writing objects: 100% (3/3), 375 bytes | 375.00 KiB/s, done.
Total 3 (delta 2), reused 0 (delta 0)
remote: Resolving deltas:   0% (0/2)[Kremote: Resolving deltas:  50% (1/2)[Kremote: Resolving deltas: 100% (2/2)[Kremote: Resolving deltas: 100% (2/2), completed with 2 local objects.[K
To https://github.com/zeromsi/tektoncd-spring-boot.git
   74f8f81..be18129  master -> master
]0;shahidul@shahidul: ~/Documents/nexus-tests/tektoncd-spring-boot[01;32mshahidul@shahidul[00m:[01;34m~/Documents/nexus-tests/tektoncd-spring-boot[00m$ git pushcommit -m "Update dockerfile and setting.xml, add script that replaces nexus-public urls, username and pass""[A]0;shahidul@shahidul: ~/Documents/nexus-tests/tektoncd-spring-boot[01;32mshahidul@shahidul[00m:[01;34m~/Documents/nexus-tests/tektoncd-spring-boot[00m$ [C[C[C[Cadd .[K
[K[A[C[C[C[C[C[C[C[C[C[C[C[C[C[C[C[C[C[C[C[C[C[C[C[C[C[C[C[C[C[C[C[C[C[C[C[C[C[C[C[C[C[C[C[C[C[C[C[C[C[C[C[C[C[C[C[C[C[C[C[C[C[C[C[C[C[C[C[C[C[C[C[C[C
]0;shahidul@shahidul: ~/Documents/nexus-tests/tektoncd-spring-boot[01;32mshahidul@shahidul[00m:[01;34m~/Documents/nexus-tests/tektoncd-spring-boot[00m$ git add .[1Ppushcommit -m "Update dockerfile and setting.xml, add script that replaces nexus-public urls, username and pass""
[master 03008fe] Update dockerfile and setting.xml, add script that replaces nexus-public urls, username and pass
 2 files changed, 24 insertions(+), 2 deletions(-)
]0;shahidul@shahidul: ~/Documents/nexus-tests/tektoncd-spring-boot[01;32mshahidul@shahidul[00m:[01;34m~/Documents/nexus-tests/tektoncd-spring-boot[00m$ git commit -m "Update dockerfile and setting.xml, add script that replaces nexus-public urls, username and pass""[A]0;shahidul@shahidul: ~/Documents/nexus-tests/tektoncd-spring-boot[01;32mshahidul@shahidul[00m:[01;34m~/Documents/nexus-tests/tektoncd-spring-boot[00m$ [C[C[C[Cadd .[K
[K[A[C[C[C[C[C[C[C[C[C[C[C[C[C[C[C[C[C[C[C[C[C[C[C[C[C[C[C[C[C[C[C[C[C[C[C[C[C[C[C[C[C[C[C[C[C[C[C[C[C[C[C[C[C[C[C[C[C[C[C[C[C[C[C[C[C[C[C[C[C[C[C[C[C[1Ppush
Username for 'https://github.com': zeromsi
Password for 'https://zeromsi@github.com': 
Counting objects: 4, done.
Delta compression using up to 8 threads.
Compressing objects:  25% (1/4)   Compressing objects:  50% (2/4)   Compressing objects:  75% (3/4)   Compressing objects: 100% (4/4)   Compressing objects: 100% (4/4), done.
Writing objects:  25% (1/4)   Writing objects:  50% (2/4)   Writing objects:  75% (3/4)   Writing objects: 100% (4/4)   Writing objects: 100% (4/4), 536 bytes | 536.00 KiB/s, done.
Total 4 (delta 3), reused 0 (delta 0)
remote: Resolving deltas:   0% (0/3)[Kremote: Resolving deltas:  33% (1/3)[Kremote: Resolving deltas:  66% (2/3)[Kremote: Resolving deltas: 100% (3/3)[Kremote: Resolving deltas: 100% (3/3), completed with 3 local objects.[K
To https://github.com/zeromsi/tektoncd-spring-boot.git
   be18129..03008fe  master -> master
]0;shahidul@shahidul: ~/Documents/nexus-tests/tektoncd-spring-boot[01;32mshahidul@shahidul[00m:[01;34m~/Documents/nexus-tests/tektoncd-spring-boot[00m$ git pushcommit -m "Update dockerfile and setting.xml, add script that replaces nexus-public urls, username and pass""[A]0;shahidul@shahidul: ~/Documents/nexus-tests/tektoncd-spring-boot[01;32mshahidul@shahidul[00m:[01;34m~/Documents/nexus-tests/tektoncd-spring-boot[00m$ [C[C[C[Cadd .[K
[K[A[C[C[C[C[C[C[C[C[C[C[C[C[C[C[C[C[C[C[C[C[C[C[C[C[C[C[C[C[C[C[C[C[C[C[C[C[C[C[C[C[C[C[C[C[C[C[C[C[C[C[C[C[C[C[C[C[C[C[C[C[C[C[C[C[C[C[C[C[C[C[C[C[C
]0;shahidul@shahidul: ~/Documents/nexus-tests/tektoncd-spring-boot[01;32mshahidul@shahidul[00m:[01;34m~/Documents/nexus-tests/tektoncd-spring-boot[00m$ git add .[1Ppushcommit -m "Update dockerfile and setting.xml, add script that replaces nexus-public urls, username and pass""
[master 61a4b06] Update dockerfile and setting.xml, add script that replaces nexus-public urls, username and pass
 2 files changed, 29 insertions(+), 1 deletion(-)
]0;shahidul@shahidul: ~/Documents/nexus-tests/tektoncd-spring-boot[01;32mshahidul@shahidul[00m:[01;34m~/Documents/nexus-tests/tektoncd-spring-boot[00m$ git commit -m "Update dockerfile and setting.xml, add script that replaces nexus-public urls, username and pass""[A]0;shahidul@shahidul: ~/Documents/nexus-tests/tektoncd-spring-boot[01;32mshahidul@shahidul[00m:[01;34m~/Documents/nexus-tests/tektoncd-spring-boot[00m$ [C[C[C[Cadd .[K
[K[A[C[C[C[C[C[C[C[C[C[C[C[C[C[C[C[C[C[C[C[C[C[C[C[C[C[C[C[C[C[C[C[C[C[C[C[C[C[C[C[C[C[C[C[C[C[C[C[C[C[C[C[C[C[C[C[C[C[C[C[C[C[C[C[C[C[C[C[C[C[C[C[C[C[1Ppush
Username for 'https://github.com': zeromsi
Password for 'https://zeromsi@github.com': 
Counting objects: 4, done.
Delta compression using up to 8 threads.
Compressing objects:  25% (1/4)   Compressing objects:  50% (2/4)   Compressing objects:  75% (3/4)   Compressing objects: 100% (4/4)   Compressing objects: 100% (4/4), done.
Writing objects:  25% (1/4)   Writing objects:  50% (2/4)   Writing objects:  75% (3/4)   Writing objects: 100% (4/4)   Writing objects: 100% (4/4), 539 bytes | 539.00 KiB/s, done.
Total 4 (delta 3), reused 0 (delta 0)
remote: Resolving deltas:   0% (0/3)[Kremote: Resolving deltas:  33% (1/3)[Kremote: Resolving deltas:  66% (2/3)[Kremote: Resolving deltas: 100% (3/3)[Kremote: Resolving deltas: 100% (3/3), completed with 3 local objects.[K
To https://github.com/zeromsi/tektoncd-spring-boot.git
   03008fe..61a4b06  master -> master
]0;shahidul@shahidul: ~/Documents/nexus-tests/tektoncd-spring-boot[01;32mshahidul@shahidul[00m:[01;34m~/Documents/nexus-tests/tektoncd-spring-boot[00m$ git pushcommit -m "Update dockerfile and setting.xml, add script that replaces nexus-public urls, username and pass""[A]0;shahidul@shahidul: ~/Documents/nexus-tests/tektoncd-spring-boot[01;32mshahidul@shahidul[00m:[01;34m~/Documents/nexus-tests/tektoncd-spring-boot[00m$ [C[C[C[Cadd .[K
[K[A[C[C[C[C[C[C[C[C[C[C[C[C[C[C[C[C[C[C[C[C[C[C[C[C[C[C[C[C[C[C[C[C[C[C[C[C[C[C[C[C[C[C[C[C[C[C[C[C[C[C[C[C[C[C[C[C[C[C[C[C[C[C[C[C[C[C[C[C[C[C[C[C[C
]0;shahidul@shahidul: ~/Documents/nexus-tests/tektoncd-spring-boot[01;32mshahidul@shahidul[00m:[01;34m~/Documents/nexus-tests/tektoncd-spring-boot[00m$ git add .[1Ppushcommit -m "Update dockerfile and setting.xml, add script that replaces nexus-public urls, username and pass""
[master 2907799] Update dockerfile and setting.xml, add script that replaces nexus-public urls, username and pass
 2 files changed, 2 insertions(+), 2 deletions(-)
]0;shahidul@shahidul: ~/Documents/nexus-tests/tektoncd-spring-boot[01;32mshahidul@shahidul[00m:[01;34m~/Documents/nexus-tests/tektoncd-spring-boot[00m$ git commit -m "Update dockerfile and setting.xml, add script that replaces nexus-public urls, username and pass""[A]0;shahidul@shahidul: ~/Documents/nexus-tests/tektoncd-spring-boot[01;32mshahidul@shahidul[00m:[01;34m~/Documents/nexus-tests/tektoncd-spring-boot[00m$ [C[C[C[Cadd .[K
[K[A[C[C[C[C[C[C[C[C[C[C[C[C[C[C[C[C[C[C[C[C[C[C[C[C[C[C[C[C[C[C[C[C[C[C[C[C[C[C[C[C[C[C[C[C[C[C[C[C[C[C[C[C[C[C[C[C[C[C[C[C[C[C[C[C[C[C[C[C[C[C[C[C[C[1Ppush
Username for 'https://github.com': zeromsi
Password for 'https://zeromsi@github.com': 
Counting objects: 4, done.
Delta compression using up to 8 threads.
Compressing objects:  25% (1/4)   Compressing objects:  50% (2/4)   Compressing objects:  75% (3/4)   Compressing objects: 100% (4/4)   Compressing objects: 100% (4/4), done.
Writing objects:  25% (1/4)   Writing objects:  50% (2/4)   Writing objects:  75% (3/4)   Writing objects: 100% (4/4)   Writing objects: 100% (4/4), 460 bytes | 460.00 KiB/s, done.
Total 4 (delta 3), reused 0 (delta 0)
remote: Resolving deltas:   0% (0/3)[Kremote: Resolving deltas:  33% (1/3)[Kremote: Resolving deltas:  66% (2/3)[Kremote: Resolving deltas: 100% (3/3)[Kremote: Resolving deltas: 100% (3/3), completed with 3 local objects.[K
To https://github.com/zeromsi/tektoncd-spring-boot.git
   61a4b06..2907799  master -> master
]0;shahidul@shahidul: ~/Documents/nexus-tests/tektoncd-spring-boot[01;32mshahidul@shahidul[00m:[01;34m~/Documents/nexus-tests/tektoncd-spring-boot[00m$ git pushcommit -m "Update dockerfile and setting.xml, add script that replaces nexus-public urls, username and pass""[A]0;shahidul@shahidul: ~/Documents/nexus-tests/tektoncd-spring-boot[01;32mshahidul@shahidul[00m:[01;34m~/Documents/nexus-tests/tektoncd-spring-boot[00m$ [C[C[C[Cadd .[K
[K[A[C[C[C[C[C[C[C[C[C[C[C[C[C[C[C[C[C[C[C[C[C[C[C[C[C[C[C[C[C[C[C[C[C[C[C[C[C[C[C[C[C[C[C[C[C[C[C[C[C[C[C[C[C[C[C[C[C[C[C[C[C[C[C[C[C[C[C[C[C[C[C[C[C[1Ppushadd .
]0;shahidul@shahidul: ~/Documents/nexus-tests/tektoncd-spring-boot[01;32mshahidul@shahidul[00m:[01;34m~/Documents/nexus-tests/tektoncd-spring-boot[00m$ git add .[1Ppushcommit -m "Update dockerfile and setting.xml, add script that replaces nexus-public urls, username and pass""
[master 755daf6] Update dockerfile and setting.xml, add script that replaces nexus-public urls, username and pass
 5 files changed, 41 insertions(+), 16 deletions(-)
 create mode 100644 script_to_set_pomfile.sh
 rename script.sh => script_to_set_settingfile.sh (92%)
]0;shahidul@shahidul: ~/Documents/nexus-tests/tektoncd-spring-boot[01;32mshahidul@shahidul[00m:[01;34m~/Documents/nexus-tests/tektoncd-spring-boot[00m$ git commit -m "Update dockerfile and setting.xml, add script that replaces nexus-public urls, username and pass""[A]0;shahidul@shahidul: ~/Documents/nexus-tests/tektoncd-spring-boot[01;32mshahidul@shahidul[00m:[01;34m~/Documents/nexus-tests/tektoncd-spring-boot[00m$ [C[C[C[Cadd .[K
[K[A[C[C[C[C[C[C[C[C[C[C[C[C[C[C[C[C[C[C[C[C[C[C[C[C[C[C[C[C[C[C[C[C[C[C[C[C[C[C[C[C[C[C[C[C[C[C[C[C[C[C[C[C[C[C[C[C[C[C[C[C[C[C[C[C[C[C[C[C[C[C[C[C[C[1Ppush
Username for 'https://github.com': zeromsi
Password for 'https://zeromsi@github.com': 
Counting objects: 7, done.
Delta compression using up to 8 threads.
Compressing objects:  14% (1/7)   Compressing objects:  28% (2/7)   Compressing objects:  42% (3/7)   Compressing objects:  57% (4/7)   Compressing objects:  71% (5/7)   Compressing objects:  85% (6/7)   Compressing objects: 100% (7/7)   Compressing objects: 100% (7/7), done.
Writing objects:  14% (1/7)   Writing objects:  28% (2/7)   Writing objects:  42% (3/7)   Writing objects:  57% (4/7)   Writing objects:  71% (5/7)   Writing objects:  85% (6/7)   Writing objects: 100% (7/7)   Writing objects: 100% (7/7), 1.07 KiB | 1.07 MiB/s, done.
Total 7 (delta 4), reused 0 (delta 0)
remote: Resolving deltas:   0% (0/4)[Kremote: Resolving deltas:  25% (1/4)[Kremote: Resolving deltas:  50% (2/4)[Kremote: Resolving deltas:  75% (3/4)[Kremote: Resolving deltas: 100% (4/4)[Kremote: Resolving deltas: 100% (4/4), completed with 4 local objects.[K
To https://github.com/zeromsi/tektoncd-spring-boot.git
   2907799..755daf6  master -> master
]0;shahidul@shahidul: ~/Documents/nexus-tests/tektoncd-spring-boot[01;32mshahidul@shahidul[00m:[01;34m~/Documents/nexus-tests/tektoncd-spring-boot[00m$ git pushcommit -m "Update dockerfile and setting.xml, add script that replaces nexus-public urls, username and pass""[A]0;shahidul@shahidul: ~/Documents/nexus-tests/tektoncd-spring-boot[01;32mshahidul@shahidul[00m:[01;34m~/Documents/nexus-tests/tektoncd-spring-boot[00m$ [C[C[C[Cadd .[K
[K[A[C[C[C[C[C[C[C[C[C[C[C[C[C[C[C[C[C[C[C[C[C[C[C[C[C[C[C[C[C[C[C[C[C[C[C[C[C[C[C[C[C[C[C[C[C[C[C[C[C[C[C[C[C[C[C[C[C[C[C[C[C[C[C[C[C[C[C[C[C[C[C[C[C
]0;shahidul@shahidul: ~/Documents/nexus-tests/tektoncd-spring-boot[01;32mshahidul@shahidul[00m:[01;34m~/Documents/nexus-tests/tektoncd-spring-boot[00m$ git add .[1Ppushcommit -m "Update dockerfile and setting.xml, add script that replaces nexus-public urls, username and pass""
[master 331fbc6] Update dockerfile and setting.xml, add script that replaces nexus-public urls, username and pass
 2 files changed, 28 insertions(+), 1 deletion(-)
]0;shahidul@shahidul: ~/Documents/nexus-tests/tektoncd-spring-boot[01;32mshahidul@shahidul[00m:[01;34m~/Documents/nexus-tests/tektoncd-spring-boot[00m$ git commit -m "Update dockerfile and setting.xml, add script that replaces nexus-public urls, username and pass""[A]0;shahidul@shahidul: ~/Documents/nexus-tests/tektoncd-spring-boot[01;32mshahidul@shahidul[00m:[01;34m~/Documents/nexus-tests/tektoncd-spring-boot[00m$ [C[C[C[Cadd .[K
[K[A[C[C[C[C[C[C[C[C[C[C[C[C[C[C[C[C[C[C[C[C[C[C[C[C[C[C[C[C[C[C[C[C[C[C[C[C[C[C[C[C[C[C[C[C[C[C[C[C[C[C[C[C[C[C[C[C[C[C[C[C[C[C[C[C[C[C[C[C[C[C[C[C[C[1Ppush
Username for 'https://github.com': zeromsi
Password for 'https://zeromsi@github.com': 
Counting objects: 4, done.
Delta compression using up to 8 threads.
Compressing objects:  25% (1/4)   Compressing objects:  50% (2/4)   Compressing objects:  75% (3/4)   Compressing objects: 100% (4/4)   Compressing objects: 100% (4/4), done.
Writing objects:  25% (1/4)   Writing objects:  50% (2/4)   Writing objects:  75% (3/4)   Writing objects: 100% (4/4)   Writing objects: 100% (4/4), 691 bytes | 691.00 KiB/s, done.
Total 4 (delta 3), reused 0 (delta 0)
remote: Resolving deltas:   0% (0/3)[Kremote: Resolving deltas:  33% (1/3)[Kremote: Resolving deltas:  66% (2/3)[Kremote: Resolving deltas: 100% (3/3)[Kremote: Resolving deltas: 100% (3/3), completed with 3 local objects.[K
To https://github.com/zeromsi/tektoncd-spring-boot.git
   755daf6..331fbc6  master -> master
]0;shahidul@shahidul: ~/Documents/nexus-tests/tektoncd-spring-boot[01;32mshahidul@shahidul[00m:[01;34m~/Documents/nexus-tests/tektoncd-spring-boot[00m$ git pushcommit -m "Update dockerfile and setting.xml, add script that replaces nexus-public urls, username and pass""[A]0;shahidul@shahidul: ~/Documents/nexus-tests/tektoncd-spring-boot[01;32mshahidul@shahidul[00m:[01;34m~/Documents/nexus-tests/tektoncd-spring-boot[00m$ [C[C[C[Cadd .[K
[K[A[C[C[C[C[C[C[C[C[C[C[C[C[C[C[C[C[C[C[C[C[C[C[C[C[C[C[C[C[C[C[C[C[C[C[C[C[C[C[C[C[C[C[C[C[C[C[C[C[C[C[C[C[C[C[C[C[C[C[C[C[C[C[C[C[C[C[C[C[C[C[C[C[C
]0;shahidul@shahidul: ~/Documents/nexus-tests/tektoncd-spring-boot[01;32mshahidul@shahidul[00m:[01;34m~/Documents/nexus-tests/tektoncd-spring-boot[00m$ git add .[1Ppushcommit -m "Update dockerfile and setting.xml, add script that replaces nexus-public urls, username and pass""
[master 0a7b98d] Update dockerfile and setting.xml, add script that replaces nexus-public urls, username and pass
 1 file changed, 2 insertions(+)
]0;shahidul@shahidul: ~/Documents/nexus-tests/tektoncd-spring-boot[01;32mshahidul@shahidul[00m:[01;34m~/Documents/nexus-tests/tektoncd-spring-boot[00m$ git commit -m "Update dockerfile and setting.xml, add script that replaces nexus-public urls, username and pass""[A]0;shahidul@shahidul: ~/Documents/nexus-tests/tektoncd-spring-boot[01;32mshahidul@shahidul[00m:[01;34m~/Documents/nexus-tests/tektoncd-spring-boot[00m$ [C[C[C[Cadd .[K
[K[A[C[C[C[C[C[C[C[C[C[C[C[C[C[C[C[C[C[C[C[C[C[C[C[C[C[C[C[C[C[C[C[C[C[C[C[C[C[C[C[C[C[C[C[C[C[C[C[C[C[C[C[C[C[C[C[C[C[C[C[C[C[C[C[C[C[C[C[C[C[C[C[C[C[1Ppushcommit -m "Update dockerfile and setting.xml, add script that replaces nexus-public urls, username and pass""[A]0;shahidul@shahidul: ~/Documents/nexus-tests/tektoncd-spring-boot[01;32mshahidul@shahidul[00m:[01;34m~/Documents/nexus-tests/tektoncd-spring-boot[00m$ [C[C[C[Cpush[K
[K[A[C[C[C[C[C[C[C[C[C[C[C[C[C[C[C[C[C[C[C[C[C[C[C[C[C[C[C[C[C[C[C[C[C[C[C[C[C[C[C[C[C[C[C[C[C[C[C[C[C[C[C[C[C[C[C[C[C[C[C[C[C[C[C[C[C[C[C[C[C[C[C[C
Username for 'https://github.com': ze  z zeromsi
Password for 'https://zeromsi@github.com': 
Counting objects: 3, done.
Delta compression using up to 8 threads.
Compressing objects:  33% (1/3)   Compressing objects:  66% (2/3)   Compressing objects: 100% (3/3)   Compressing objects: 100% (3/3), done.
Writing objects:  33% (1/3)   Writing objects:  66% (2/3)   Writing objects: 100% (3/3)   Writing objects: 100% (3/3), 408 bytes | 408.00 KiB/s, done.
Total 3 (delta 2), reused 0 (delta 0)
remote: Resolving deltas:   0% (0/2)[Kremote: Resolving deltas:  50% (1/2)[Kremote: Resolving deltas: 100% (2/2)[Kremote: Resolving deltas: 100% (2/2), completed with 2 local objects.[K
To https://github.com/zeromsi/tektoncd-spring-boot.git
   331fbc6..0a7b98d  master -> master
]0;shahidul@shahidul: ~/Documents/nexus-tests/tektoncd-spring-boot[01;32mshahidul@shahidul[00m:[01;34m~/Documents/nexus-tests/tektoncd-spring-boot[00m$ git pushcommit -m "Update dockerfile and setting.xml, add script that replaces nexus-public urls, username and pass""[A]0;shahidul@shahidul: ~/Documents/nexus-tests/tektoncd-spring-boot[01;32mshahidul@shahidul[00m:[01;34m~/Documents/nexus-tests/tektoncd-spring-boot[00m$ [C[C[C[Cadd .[K
[K[A[C[C[C[C[C[C[C[C[C[C[C[C[C[C[C[C[C[C[C[C[C[C[C[C[C[C[C[C[C[C[C[C[C[C[C[C[C[C[C[C[C[C[C[C[C[C[C[C[C[C[C[C[C[C[C[C[C[C[C[C[C[C[C[C[C[C[C[C[C[C[C[C[C
]0;shahidul@shahidul: ~/Documents/nexus-tests/tektoncd-spring-boot[01;32mshahidul@shahidul[00m:[01;34m~/Documents/nexus-tests/tektoncd-spring-boot[00m$ git add .[1Ppushcommit -m "Update dockerfile and setting.xml, add script that replaces nexus-public urls, username and pass""
[master 04f3e69] Update dockerfile and setting.xml, add script that replaces nexus-public urls, username and pass
 3 files changed, 25 insertions(+), 3 deletions(-)
 mode change 100644 => 100755 script_to_set_pomfile.sh
]0;shahidul@shahidul: ~/Documents/nexus-tests/tektoncd-spring-boot[01;32mshahidul@shahidul[00m:[01;34m~/Documents/nexus-tests/tektoncd-spring-boot[00m$ git commit -m "Update dockerfile and setting.xml, add script that replaces nexus-public urls, username and pass""[A]0;shahidul@shahidul: ~/Documents/nexus-tests/tektoncd-spring-boot[01;32mshahidul@shahidul[00m:[01;34m~/Documents/nexus-tests/tektoncd-spring-boot[00m$ [C[C[C[Cadd .[K
[K[A[C[C[C[C[C[C[C[C[C[C[C[C[C[C[C[C[C[C[C[C[C[C[C[C[C[C[C[C[C[C[C[C[C[C[C[C[C[C[C[C[C[C[C[C[C[C[C[C[C[C[C[C[C[C[C[C[C[C[C[C[C[C[C[C[C[C[C[C[C[C[C[C[C[1Ppush
Username for 'https://github.com': zeromsi
Password for 'https://zeromsi@github.com': 
Counting objects: 4, done.
Delta compression using up to 8 threads.
Compressing objects:  25% (1/4)   Compressing objects:  50% (2/4)   Compressing objects:  75% (3/4)   Compressing objects: 100% (4/4)   Compressing objects: 100% (4/4), done.
Writing objects:  25% (1/4)   Writing objects:  50% (2/4)   Writing objects:  75% (3/4)   Writing objects: 100% (4/4)   Writing objects: 100% (4/4), 625 bytes | 625.00 KiB/s, done.
Total 4 (delta 3), reused 0 (delta 0)
remote: Resolving deltas:   0% (0/3)[Kremote: Resolving deltas:  33% (1/3)[Kremote: Resolving deltas:  66% (2/3)[Kremote: Resolving deltas: 100% (3/3)[Kremote: Resolving deltas: 100% (3/3), completed with 3 local objects.[K
To https://github.com/zeromsi/tektoncd-spring-boot.git
   0a7b98d..04f3e69  master -> master
]0;shahidul@shahidul: ~/Documents/nexus-tests/tektoncd-spring-boot[01;32mshahidul@shahidul[00m:[01;34m~/Documents/nexus-tests/tektoncd-spring-boot[00m$ git pushcommit -m "Update dockerfile and setting.xml, add script that replaces nexus-public urls, username and pass""[A]0;shahidul@shahidul: ~/Documents/nexus-tests/tektoncd-spring-boot[01;32mshahidul@shahidul[00m:[01;34m~/Documents/nexus-tests/tektoncd-spring-boot[00m$ [C[C[C[Cadd .[K
[K[A[C[C[C[C[C[C[C[C[C[C[C[C[C[C[C[C[C[C[C[C[C[C[C[C[C[C[C[C[C[C[C[C[C[C[C[C[C[C[C[C[C[C[C[C[C[C[C[C[C[C[C[C[C[C[C[C[C[C[C[C[C[C[C[C[C[C[C[C[C[C[C[C[C
]0;shahidul@shahidul: ~/Documents/nexus-tests/tektoncd-spring-boot[01;32mshahidul@shahidul[00m:[01;34m~/Documents/nexus-tests/tektoncd-spring-boot[00m$ git add .[1Ppushcommit -m "Update dockerfile and setting.xml, add script that replaces nexus-public urls, username and pass""[A]0;shahidul@shahidul: ~/Documents/nexus-tests/tektoncd-spring-boot[01;32mshahidul@shahidul[00m:[01;34m~/Documents/nexus-tests/tektoncd-spring-boot[00m$ [C[C[C[Cadd .[K
[K[A[C[C[C[C[C[C[C[C[C[C[C[C[C[C[C[C[C[C[C[C[C[C[C[C[C[C[C[C[C[C[C[C[C[C[C[C[C[C[C[C[C[C[C[C[C[C[C[C[C[C[C[C[C[C[C[C[C[C[C[C[C[C[C[C[C[C[C[C[C[C[C[C[Ccommit -m "Update dockerfile and setting.xml, add script that replaces nexus-public urls, username and pass""
[master aed7809] Update dockerfile and setting.xml, add script that replaces nexus-public urls, username and pass
 3 files changed, 25 insertions(+), 14 deletions(-)
]0;shahidul@shahidul: ~/Documents/nexus-tests/tektoncd-spring-boot[01;32mshahidul@shahidul[00m:[01;34m~/Documents/nexus-tests/tektoncd-spring-boot[00m$ git commit -m "Update dockerfile and setting.xml, add script that replaces nexus-public urls, username and pass""[A]0;shahidul@shahidul: ~/Documents/nexus-tests/tektoncd-spring-boot[01;32mshahidul@shahidul[00m:[01;34m~/Documents/nexus-tests/tektoncd-spring-boot[00m$ [C[C[C[Cadd .[K
[K[A[C[C[C[C[C[C[C[C[C[C[C[C[C[C[C[C[C[C[C[C[C[C[C[C[C[C[C[C[C[C[C[C[C[C[C[C[C[C[C[C[C[C[C[C[C[C[C[C[C[C[C[C[C[C[C[C[C[C[C[C[C[C[C[C[C[C[C[C[C[C[C[C[C[1Ppush
Username for 'https://github.com': zeromsi
Password for 'https://zeromsi@github.com': 
Counting objects: 5, done.
Delta compression using up to 8 threads.
Compressing objects:  20% (1/5)   Compressing objects:  40% (2/5)   Compressing objects:  60% (3/5)   Compressing objects:  80% (4/5)   Compressing objects: 100% (5/5)   Compressing objects: 100% (5/5), done.
Writing objects:  20% (1/5)   Writing objects:  40% (2/5)   Writing objects:  60% (3/5)   Writing objects:  80% (4/5)   Writing objects: 100% (5/5)   Writing objects: 100% (5/5), 662 bytes | 662.00 KiB/s, done.
Total 5 (delta 4), reused 0 (delta 0)
remote: Resolving deltas:   0% (0/4)